'0-add_integer' module
=============================
tests for  the add_integer function that returns the sum of two integer.
---------------------

Import the function:

>>> add_integer = __import__('0-add_integer').add_integer

test it:

>>> add_integer(1, 3)
4

>>> add_integer(1, 8.5)
9

>>> add_integer(2)
100

>>> add_integer(4, -1)
3

>>> add_integer(-2, -3)
-5

>>> add_integer(12.0, 2.0)
14

>>> add_integer(4, "sh")
Traceback (most recent call last):
TypeError: b must be an integer

>>> add_integer(None)
Traceback (most recent call last):
TypeError: a must be an integer

>>> add_integer()
Traceback (most recent call last):
TypeError: add_integer() missing 1 required positional argument: 'a'
